apiVersion: apps/v1
kind: Deployment
metadata:
  labels:
    app: ml-pipeline-persistenceagent
    app.kubernetes.io/component: ml-pipeline
    app.kubernetes.io/name: kubeflow-pipelines
  name: ml-pipeline-persistenceagent
  namespace: kubeflow
spec:
  selector:
    matchLabels:
      app: ml-pipeline-persistenceagent
      app.kubernetes.io/component: ml-pipeline
      app.kubernetes.io/name: kubeflow-pipelines
  template:
    metadata:
      labels:
        app: ml-pipeline-persistenceagent
        app.kubernetes.io/component: ml-pipeline
        app.kubernetes.io/name: kubeflow-pipelines
    spec:
      containers:
      - env:
        - name: NAMESPACE
          value: ""
        image: io.kr.private-ncr.ntruss.com/ncp-kf-install-registry/ml-pipeline/persistenceagent:1.0.0
        imagePullPolicy: IfNotPresent
        name: ml-pipeline-persistenceagent
      serviceAccountName: ml-pipeline-persistenceagent
